// Jest Snapshot v1, https://goo.gl/fbAQLP

exports[`Test <DataTable /> Check snapshot component 1`] = `
<div>
  <div
    class="row"
  >
    <div
      class="col"
    >
      <table
        class="table table table-sm table-striped table-bordered"
      >
        <thead>
          <tr>
            <th>
              #
            </th>
            <th>
              Username
            </th>
            <th>
              Points
            </th>
          </tr>
        </thead>
        <tbody>
          <tr>
            <td>
              1
            </td>
            <td>
              Manolo
            </td>
            <td>
              100
            </td>
          </tr>
          <tr>
            <td>
              2
            </td>
            <td>
              Pepe
            </td>
            <td>
              88
            </td>
          </tr>
          <tr>
            <td>
              3
            </td>
            <td>
              Benito
            </td>
            <td>
              50
            </td>
          </tr>
        </tbody>
      </table>
    </div>
  </div>
</div>
`;
